../Src/ethernetif.c:135:13:low_level_init	24	static
../Src/ethernetif.c:230:14:low_level_output	80	static
../Src/ethernetif.c:277:22:low_level_input	24	static
../Src/ethernetif.c:298:6:ethernetif_input	24	static
../Src/ethernetif.c:348:7:ethernetif_init	16	static
../Src/ethernetif.c:399:6:pbuf_free_custom	24	static
../Src/ethernetif.c:421:7:sys_now	8	static
../Src/ethernetif.c:436:6:ethernet_link_check_state	16	static
../Src/ethernetif.c:441:6:HAL_ETH_RxAllocateCallback	32	static
../Src/ethernetif.c:463:6:HAL_ETH_RxLinkCallback	40	static
../Src/ethernetif.c:500:6:HAL_ETH_TxFreeCallback	16	static
